// Jest Snapshot v1, https://goo.gl/fbAQLP

exports[`withComlinkExpose HOC renders correctly 1`] = `
<WebView
  onMessage={[Function]}
  onNavigationStateChange={[Function]}
/>
`;
